0 verbose cli C:\Program Files\nodejs\node.exe C:\Program Files\nodejs\node_modules\npm\bin\npm-cli.js
1 info using npm@10.9.9
2 info using node@v22.23.3
3 silly config load:file:C:\Program Files\nodejs\node_modules\npm\npmrc
4 silly config load:file:D:\web\Toppay\.npmrc
5 silly config load:file:C:\Users\riiya\.npmrc
6 silly config load:file:C:\Users\riiya\AppData\Roaming\npm\etc\npmrc
7 verbose title npm install expo-application@~7.0.8
8 verbose argv "install" "expo-application@~7.0.8" "--ignore-scripts" "--no-audit" "--no-fund" "--cache" ".npm-cache"
9 verbose logfile logs-max:10 dir:D:\web\Toppay\.npm-cache\_logs\2026-10-02T10_58_49_497Z-
10 verbose logfile D:\web\Toppay\.npm-cache\_logs\2026-10-02T10_58_49_497Z-debug-0.log
11 silly logfile done cleaning log files
12 silly packumentCache heap:2197815296 maxSize:549453824 maxEntrySize:274726912
13 silly idealTree buildDeps
14 silly fetch manifest expo-application@~7.0.8
15 silly packumentCache full:https://registry.npmjs.org/expo-application cache-miss
16 http fetch GET 200 https://registry.npmjs.org/expo-application 514ms (cache miss)
17 silly packumentCache full:https://registry.npmjs.org/expo-application set size:undefined disposed:false
18 silly fetch manifest expo@~54.0.33
19 silly packumentCache full:https://registry.npmjs.org/expo cache-miss
20 http fetch GET 200 https://registry.npmjs.org/npm 1410ms
21 http fetch GET 200 https://registry.npmjs.org/expo 715ms (cache miss)
22 silly packumentCache full:https://registry.npmjs.org/expo set size:undefined disposed:false
23 silly fetch manifest @expo/dom-webview@*
24 silly packumentCache full:https://registry.npmjs.org/@expo%2fdom-webview cache-miss
25 http fetch GET 200 https://registry.npmjs.org/@expo%2fdom-webview 810ms (cache miss)
26 silly packumentCache full:https://registry.npmjs.org/@expo%2fdom-webview set size:undefined disposed:false
27 silly fetch manifest react@19.1.0
28 silly packumentCache full:https://registry.npmjs.org/react cache-miss
29 http fetch GET 200 https://registry.npmjs.org/react 1222ms (cache miss)
30 silly packumentCache full:https://registry.npmjs.org/react set size:undefined disposed:false
31 silly fetch manifest react-native@0.81.5
32 silly packumentCache full:https://registry.npmjs.org/react-native cache-miss
33 http fetch GET 200 https://registry.npmjs.org/react-native 1424ms (cache miss)
34 silly packumentCache full:https://registry.npmjs.org/react-native set size:undefined disposed:false
35 silly fetch manifest @types/react@~19.1.0
36 silly packumentCache full:https://registry.npmjs.org/@types%2freact cache-miss
37 http fetch GET 200 https://registry.npmjs.org/@types%2freact 400ms (cache miss)
38 silly packumentCache full:https://registry.npmjs.org/@types%2freact set size:undefined disposed:false
39 silly fetch manifest @expo/metro-runtime@*
40 silly packumentCache full:https://registry.npmjs.org/@expo%2fmetro-runtime cache-miss
41 http fetch GET 200 https://registry.npmjs.org/@expo%2fmetro-runtime 953ms (cache miss)
42 silly packumentCache full:https://registry.npmjs.org/@expo%2fmetro-runtime set size:undefined disposed:false
43 silly fetch manifest react-dom@19.1.0
44 silly packumentCache full:https://registry.npmjs.org/react-dom cache-miss
45 http fetch GET 200 https://registry.npmjs.org/react-dom 2260ms (cache miss)
46 silly packumentCache full:https://registry.npmjs.org/react-dom set size:undefined disposed:false
47 silly fetch manifest react-native-webview@*
48 silly packumentCache full:https://registry.npmjs.org/react-native-webview cache-miss
49 http fetch GET https://registry.npmjs.org/react-native-webview attempt 1 failed with ECONNRESET
50 http fetch GET 200 https://registry.npmjs.org/react-native-webview 28415ms attempt #2 (cache miss)
51 silly packumentCache full:https://registry.npmjs.org/react-native-webview set size:undefined disposed:false
52 silly placeDep ROOT expo-application@7.0.8 OK for: toppay@1.1.1 want: ~7.0.8
53 silly reify mark retired [
53 silly reify   'D:\\web\\Toppay\\node_modules\\expo-auth-session\\node_modules\\expo-application'
53 silly reify ]
54 silly reify moves {
54 silly reify   'D:\\web\\Toppay\\node_modules\\expo-auth-session\\node_modules\\expo-application': 'D:\\web\\Toppay\\node_modules\\expo-auth-session\\node_modules\\.expo-application-aYxhcHNi'
54 silly reify }
55 verbose reify failed optional dependency D:\web\Toppay\node_modules\lightningcss-win32-arm64-msvc
56 silly reify mark deleted [ 'D:\\web\\Toppay\\node_modules\\lightningcss-win32-arm64-msvc' ]
57 verbose reify failed optional dependency D:\web\Toppay\node_modules\lightningcss-linux-x64-musl
58 silly reify mark deleted [ 'D:\\web\\Toppay\\node_modules\\lightningcss-linux-x64-musl' ]
59 verbose reify failed optional dependency D:\web\Toppay\node_modules\lightningcss-linux-x64-gnu
60 silly reify mark deleted [ 'D:\\web\\Toppay\\node_modules\\lightningcss-linux-x64-gnu' ]
61 verbose reify failed optional dependency D:\web\Toppay\node_modules\lightningcss-linux-arm64-musl
62 silly reify mark deleted [ 'D:\\web\\Toppay\\node_modules\\lightningcss-linux-arm64-musl' ]
63 verbose reify failed optional dependency D:\web\Toppay\node_modules\lightningcss-linux-arm64-gnu
64 silly reify mark deleted [ 'D:\\web\\Toppay\\node_modules\\lightningcss-linux-arm64-gnu' ]
65 verbose reify failed optional dependency D:\web\Toppay\node_modules\lightningcss-linux-arm-gnueabihf
66 silly reify mark deleted [ 'D:\\web\\Toppay\\node_modules\\lightningcss-linux-arm-gnueabihf' ]
67 verbose reify failed optional dependency D:\web\Toppay\node_modules\lightningcss-freebsd-x64
68 silly reify mark deleted [ 'D:\\web\\Toppay\\node_modules\\lightningcss-freebsd-x64' ]
69 verbose reify failed optional dependency D:\web\Toppay\node_modules\lightningcss-darwin-x64
70 silly reify mark deleted [ 'D:\\web\\Toppay\\node_modules\\lightningcss-darwin-x64' ]
71 verbose reify failed optional dependency D:\web\Toppay\node_modules\lightningcss-darwin-arm64
72 silly reify mark deleted [ 'D:\\web\\Toppay\\node_modules\\lightningcss-darwin-arm64' ]
73 verbose reify failed optional dependency D:\web\Toppay\node_modules\lightningcss-android-arm64
74 silly reify mark deleted [ 'D:\\web\\Toppay\\node_modules\\lightningcss-android-arm64' ]
75 verbose reify failed optional dependency D:\web\Toppay\node_modules\fsevents
76 silly reify mark deleted [ 'D:\\web\\Toppay\\node_modules\\fsevents' ]
77 verbose reify failed optional dependency D:\web\Toppay\node_modules\@unrs\resolver-binding-win32-ia32-msvc
78 silly reify mark deleted [
78 silly reify   'D:\\web\\Toppay\\node_modules\\@unrs\\resolver-binding-win32-ia32-msvc'
78 silly reify ]
79 verbose reify failed optional dependency D:\web\Toppay\node_modules\@unrs\resolver-binding-win32-arm64-msvc
80 silly reify mark deleted [
80 silly reify   'D:\\web\\Toppay\\node_modules\\@unrs\\resolver-binding-win32-arm64-msvc'
80 silly reify ]
81 verbose reify failed optional dependency D:\web\Toppay\node_modules\@unrs\resolver-binding-wasm32-wasi
82 silly reify mark deleted [
82 silly reify   'D:\\web\\Toppay\\node_modules\\@unrs\\resolver-binding-wasm32-wasi'
82 silly reify ]
83 verbose reify failed optional dependency D:\web\Toppay\node_modules\@napi-rs\wasm-runtime
84 silly reify mark deleted [ 'D:\\web\\Toppay\\node_modules\\@napi-rs\\wasm-runtime' ]
85 verbose reify failed optional dependency D:\web\Toppay\node_modules\@emnapi\core
86 silly reify mark deleted [ 'D:\\web\\Toppay\\node_modules\\@emnapi\\core' ]
87 verbose reify failed optional dependency D:\web\Toppay\node_modules\@emnapi\runtime
88 silly reify mark deleted [ 'D:\\web\\Toppay\\node_modules\\@emnapi\\runtime' ]
89 verbose reify failed optional dependency D:\web\Toppay\node_modules\@tybys\wasm-util
90 silly reify mark deleted [ 'D:\\web\\Toppay\\node_modules\\@tybys\\wasm-util' ]
91 verbose reify failed optional dependency D:\web\Toppay\node_modules\@emnapi\wasi-threads
92 silly reify mark deleted [ 'D:\\web\\Toppay\\node_modules\\@emnapi\\wasi-threads' ]
93 verbose reify failed optional dependency D:\web\Toppay\node_modules\@unrs\resolver-binding-linux-x64-musl
94 silly reify mark deleted [
94 silly reify   'D:\\web\\Toppay\\node_modules\\@unrs\\resolver-binding-linux-x64-musl'
94 silly reify ]
95 verbose reify failed optional dependency D:\web\Toppay\node_modules\@unrs\resolver-binding-linux-x64-gnu
96 silly reify mark deleted [
96 silly reify   'D:\\web\\Toppay\\node_modules\\@unrs\\resolver-binding-linux-x64-gnu'
96 silly reify ]
97 verbose reify failed optional dependency D:\web\Toppay\node_modules\@unrs\resolver-binding-linux-s390x-gnu
98 silly reify mark deleted [
98 silly reify   'D:\\web\\Toppay\\node_modules\\@unrs\\resolver-binding-linux-s390x-gnu'
98 silly reify ]
99 verbose reify failed optional dependency D:\web\Toppay\node_modules\@unrs\resolver-binding-linux-riscv64-musl
100 silly reify mark deleted [
100 silly reify   'D:\\web\\Toppay\\node_modules\\@unrs\\resolver-binding-linux-riscv64-musl'
100 silly reify ]
101 verbose reify failed optional dependency D:\web\Toppay\node_modules\@unrs\resolver-binding-linux-riscv64-gnu
102 silly reify mark deleted [
102 silly reify   'D:\\web\\Toppay\\node_modules\\@unrs\\resolver-binding-linux-riscv64-gnu'
102 silly reify ]
103 verbose reify failed optional dependency D:\web\Toppay\node_modules\@unrs\resolver-binding-linux-ppc64-gnu
104 silly reify mark deleted [
104 silly reify   'D:\\web\\Toppay\\node_modules\\@unrs\\resolver-binding-linux-ppc64-gnu'
104 silly reify ]
105 verbose reify failed optional dependency D:\web\Toppay\node_modules\@unrs\resolver-binding-linux-arm64-musl
106 silly reify mark deleted [
106 silly reify   'D:\\web\\Toppay\\node_modules\\@unrs\\resolver-binding-linux-arm64-musl'
106 silly reify ]
107 verbose reify failed optional dependency D:\web\Toppay\node_modules\@unrs\resolver-binding-linux-arm64-gnu
108 silly reify mark deleted [
108 silly reify   'D:\\web\\Toppay\\node_modules\\@unrs\\resolver-binding-linux-arm64-gnu'
108 silly reify ]
109 verbose reify failed optional dependency D:\web\Toppay\node_modules\@unrs\resolver-binding-linux-arm-musleabihf
110 silly reify mark deleted [
110 silly reify   'D:\\web\\Toppay\\node_modules\\@unrs\\resolver-binding-linux-arm-musleabihf'
110 silly reify ]
111 verbose reify failed optional dependency D:\web\Toppay\node_modules\@unrs\resolver-binding-linux-arm-gnueabihf
112 silly reify mark deleted [
112 silly reify   'D:\\web\\Toppay\\node_modules\\@unrs\\resolver-binding-linux-arm-gnueabihf'
112 silly reify ]
113 verbose reify failed optional dependency D:\web\Toppay\node_modules\@unrs\resolver-binding-freebsd-x64
114 silly reify mark deleted [
114 silly reify   'D:\\web\\Toppay\\node_modules\\@unrs\\resolver-binding-freebsd-x64'
114 silly reify ]
115 verbose reify failed optional dependency D:\web\Toppay\node_modules\@unrs\resolver-binding-darwin-x64
116 silly reify mark deleted [ 'D:\\web\\Toppay\\node_modules\\@unrs\\resolver-binding-darwin-x64' ]
117 verbose reify failed optional dependency D:\web\Toppay\node_modules\@unrs\resolver-binding-darwin-arm64
118 silly reify mark deleted [
118 silly reify   'D:\\web\\Toppay\\node_modules\\@unrs\\resolver-binding-darwin-arm64'
118 silly reify ]
119 verbose reify failed optional dependency D:\web\Toppay\node_modules\@unrs\resolver-binding-android-arm64
120 silly reify mark deleted [
120 silly reify   'D:\\web\\Toppay\\node_modules\\@unrs\\resolver-binding-android-arm64'
120 silly reify ]
121 verbose reify failed optional dependency D:\web\Toppay\node_modules\@unrs\resolver-binding-android-arm-eabi
122 silly reify mark deleted [
122 silly reify   'D:\\web\\Toppay\\node_modules\\@unrs\\resolver-binding-android-arm-eabi'
122 silly reify ]
123 http cache expo-application@https://registry.npmjs.org/expo-application/-/expo-application-7.0.8.tgz 0ms (cache hit)
124 http cache @napi-rs/wasm-runtime@https://registry.npmjs.org/@napi-rs/wasm-runtime/-/wasm-runtime-0.2.12.tgz 0ms (cache hit)
125 http cache @tybys/wasm-util@https://registry.npmjs.org/@tybys/wasm-util/-/wasm-util-0.10.2.tgz 0ms (cache hit)
126 http cache @emnapi/runtime@https://registry.npmjs.org/@emnapi/runtime/-/runtime-1.10.0.tgz 0ms (cache hit)
127 http cache @emnapi/wasi-threads@https://registry.npmjs.org/@emnapi/wasi-threads/-/wasi-threads-1.2.1.tgz 0ms (cache hit)
128 http cache @emnapi/core@https://registry.npmjs.org/@emnapi/core/-/core-1.10.0.tgz 0ms (cache hit)
129 silly tarball no local data for expo-application@https://registry.npmjs.org/expo-application/-/expo-application-7.0.8.tgz. Extracting by manifest.
130 silly tarball no local data for @napi-rs/wasm-runtime@https://registry.npmjs.org/@napi-rs/wasm-runtime/-/wasm-runtime-0.2.12.tgz. Extracting by manifest.
131 silly tarball no local data for @tybys/wasm-util@https://registry.npmjs.org/@tybys/wasm-util/-/wasm-util-0.10.2.tgz. Extracting by manifest.
132 silly tarball no local data for @emnapi/runtime@https://registry.npmjs.org/@emnapi/runtime/-/runtime-1.10.0.tgz. Extracting by manifest.
133 silly tarball no local data for @emnapi/wasi-threads@https://registry.npmjs.org/@emnapi/wasi-threads/-/wasi-threads-1.2.1.tgz. Extracting by manifest.
134 silly tarball no local data for @emnapi/core@https://registry.npmjs.org/@emnapi/core/-/core-1.10.0.tgz. Extracting by manifest.
135 http fetch GET 200 https://registry.npmjs.org/@emnapi/wasi-threads/-/wasi-threads-1.2.1.tgz 860ms (cache miss)
136 http fetch GET 200 https://registry.npmjs.org/@tybys/wasm-util/-/wasm-util-0.10.2.tgz 920ms (cache miss)
137 http fetch GET 200 https://registry.npmjs.org/@emnapi/runtime/-/runtime-1.10.0.tgz 930ms (cache miss)
138 http fetch GET 200 https://registry.npmjs.org/@emnapi/core/-/core-1.10.0.tgz 1128ms (cache miss)
139 http fetch GET 200 https://registry.npmjs.org/@napi-rs/wasm-runtime/-/wasm-runtime-0.2.12.tgz 1956ms (cache miss)
140 http fetch GET 200 https://registry.npmjs.org/expo-application/-/expo-application-7.0.8.tgz 2045ms (cache miss)
141 silly ADD node_modules/expo-application
142 silly ADD
143 silly ADD
144 silly ADD
145 silly ADD
146 silly ADD
147 silly ADD
148 silly ADD
149 silly ADD
150 silly ADD
151 silly ADD
152 silly ADD
153 silly ADD
154 silly ADD
155 silly ADD
156 silly ADD
157 silly ADD
158 silly ADD
159 silly ADD
160 silly ADD
161 silly ADD
162 silly ADD
163 silly ADD
164 silly ADD
165 silly ADD
166 silly ADD
167 silly ADD
168 silly ADD
169 silly ADD
170 silly ADD
171 silly ADD
172 silly ADD
173 silly ADD
174 silly ADD
175 silly ADD
176 silly REMOVE node_modules/expo-auth-session/node_modules/expo-application
177 verbose cwd D:\web\Toppay
178 verbose os Windows_NT 10.0.19045
179 verbose node v22.23.3
180 verbose npm  v10.9.9
181 notice
181 notice New major version of npm available! 10.9.9 -> 12.2.0
181 notice Changelog: https://github.com/npm/cli/releases/tag/v12.2.0
181 notice To update run: npm install -g npm@12.2.0
181 notice  { force: true, [Symbol(proc-log.meta)]: true }
182 verbose exit 0
183 info ok
